
> etaxpay-client@1.0.0 build
> vite build

[36mvite v5.4.21 [32mbuilding for production...[36m[39m
transforming...
[32m✓[39m 131 modules transformed.
[31mx[39m Build failed in 1.30s
[31merror during build:
[31msrc/data/uttarakhand.geojson (2:6): Expected ';', '}' or <eof> (Note that you need plugins to import files that are not JavaScript)[31m
file: [36mC:/Users/Manish/OneDrive/Desktop/Major Poject/Start/client/src/data/uttarakhand.geojson:2:6[31m
[33m
1: {
2: "type": "FeatureCollection",
         ^
3: "crs": { "type": "name", "properties": { "name": "urn:ogc:def:crs:OGC:1.3:CRS84" } },
[31m
    at getRollupError (file:///C:/Users/Manish/OneDrive/Desktop/Major%20Poject/Start/client/node_modules/rollup/dist/es/shared/parseAst.js:402:41)
    at ParseError.initialise (file:///C:/Users/Manish/OneDrive/Desktop/Major%20Poject/Start/client/node_modules/rollup/dist/es/shared/node-entry.js:14465:28)
    at convertNode (file:///C:/Users/Manish/OneDrive/Desktop/Major%20Poject/Start/client/node_modules/rollup/dist/es/shared/node-entry.js:16437:10)
    at convertProgram (file:///C:/Users/Manish/OneDrive/Desktop/Major%20Poject/Start/client/node_modules/rollup/dist/es/shared/node-entry.js:15677:12)
    at Module.setSource (file:///C:/Users/Manish/OneDrive/Desktop/Major%20Poject/Start/client/node_modules/rollup/dist/es/shared/node-entry.js:17392:24)
    at async ModuleLoader.addModuleSource (file:///C:/Users/Manish/OneDrive/Desktop/Major%20Poject/Start/client/node_modules/rollup/dist/es/shared/node-entry.js:21497:13)[39m
